::1 - - [27/Sep/2026 11:35:48] "GET /index.html HTTP/1.1" 200 -
----------------------------------------
::1 - - [27/Sep/2026 11:36:23] "GET /index.html HTTP/1.1" 200 -
Exception occurred during processing of request from ('::ffff:127.0.0.1', 49338, 0, 0)
Traceback (most recent call last):
  File "C:\Program Files\Python314\Lib\socketserver.py", line 697, in process_request_thread
    self.finish_request(request, client_address)
    ~~~~~~~~~~~~~~~~~~~^^^^^^^^^^^^^^^^^^^^^^^^^
  File "C:\Program Files\Python314\Lib\http\server.py", line 1422, in finish_request
    self.RequestHandlerClass(request, client_address, self,
    ~~~~~~~~~~~~~~~~~~~~~~~~^^^^^^^^^^^^^^^^^^^^^^^^^^^^^^^
                             directory=args.directory)
                             ^^^^^^^^^^^^^^^^^^^^^^^^^
  File "C:\Program Files\Python314\Lib\http\server.py", line 732, in __init__
    super().__init__(*args, **kwargs)
    ~~~~~~~~~~~~~~~~^^^^^^^^^^^^^^^^^
  File "C:\Program Files\Python314\Lib\socketserver.py", line 766, in __init__
    self.handle()
    ~~~~~~~~~~~^^
  File "C:\Program Files\Python314\Lib\http\server.py", line 496, in handle
    self.handle_one_request()
    ~~~~~~~~~~~~~~~~~~~~~~~^^
  File "C:\Program Files\Python314\Lib\http\server.py", line 464, in handle_one_request
    self.raw_requestline = self.rfile.readline(65537)
                           ~~~~~~~~~~~~~~~~~~~^^^^^^^
  File "C:\Program Files\Python314\Lib\socket.py", line 725, in readinto
    return self._sock.recv_into(b)
           ~~~~~~~~~~~~~~~~~~~~^^^
ConnectionResetError: [WinError 10054] An existing connection was forcibly closed by the remote host
----------------------------------------
::1 - - [27/Sep/2026 11:36:23] "GET /cardnav.js HTTP/1.1" 200 -
::1 - - [27/Sep/2026 11:36:23] "GET /assets/social-media-bg.mp4 HTTP/1.1" 200 -
::1 - - [27/Sep/2026 11:36:24] code 404, message File not found
::1 - - [27/Sep/2026 11:36:24] "GET /favicon.ico HTTP/1.1" 404 -
::1 - - [27/Sep/2026 11:37:33] code 404, message File not found
::1 - - [27/Sep/2026 11:37:33] "GET /favicon.ico HTTP/1.1" 404 -
::1 - - [27/Sep/2026 11:49:30] "GET /index.html HTTP/1.1" 200 -
::1 - - [27/Sep/2026 11:49:30] "GET /index.html HTTP/1.1" 200 -
::1 - - [27/Sep/2026 11:50:09] "GET /index.html?cb=1790490009412 HTTP/1.1" 200 -
::1 - - [27/Sep/2026 11:52:51] "GET /index.html HTTP/1.1" 200 -
::1 - - [27/Sep/2026 11:52:51] "GET /index.html HTTP/1.1" 304 -
::1 - - [27/Sep/2026 11:54:58] "GET /index.html HTTP/1.1" 304 -
::1 - - [27/Sep/2026 11:54:58] "GET /assets/social-media-bg.mp4 HTTP/1.1" 200 -
::1 - - [27/Sep/2026 11:54:59] code 404, message File not found
::1 - - [27/Sep/2026 11:54:59] "GET /favicon.ico HTTP/1.1" 404 -
