::1 - - [27/Sep/2026 14:36:53] "GET /index.html HTTP/1.1" 200 -
----------------------------------------
::1 - - [27/Sep/2026 14:37:06] "GET /index.html HTTP/1.1" 200 -
Exception occurred during processing of request from ('::ffff:127.0.0.1', 62599, 0, 0)
Traceback (most recent call last):
  File "C:\Program Files\Python314\Lib\socketserver.py", line 697, in process_request_thread
    self.finish_request(request, client_address)
    ~~~~~~~~~~~~~~~~~~~^^^^^^^^^^^^^^^^^^^^^^^^^
  File "C:\Program Files\Python314\Lib\http\server.py", line 1422, in finish_request
    self.RequestHandlerClass(request, client_address, self,
    ~~~~~~~~~~~~~~~~~~~~~~~~^^^^^^^^^^^^^^^^^^^^^^^^^^^^^^^
                             directory=args.directory)
                             ^^^^^^^^^^^^^^^^^^^^^^^^^
  File "C:\Program Files\Python314\Lib\http\server.py", line 732, in __init__
    super().__init__(*args, **kwargs)
    ~~~~~~~~~~~~~~~~^^^^^^^^^^^^^^^^^
  File "C:\Program Files\Python314\Lib\socketserver.py", line 766, in __init__
    self.handle()
    ~~~~~~~~~~~^^
  File "C:\Program Files\Python314\Lib\http\server.py", line 496, in handle
    self.handle_one_request()
    ~~~~~~~~~~~~~~~~~~~~~~~^^
  File "C:\Program Files\Python314\Lib\http\server.py", line 464, in handle_one_request
    self.raw_requestline = self.rfile.readline(65537)
                           ~~~~~~~~~~~~~~~~~~~^^^^^^^
  File "C:\Program Files\Python314\Lib\socket.py", line 725, in readinto
    return self._sock.recv_into(b)
           ~~~~~~~~~~~~~~~~~~~~^^^
ConnectionResetError: [WinError 10054] An existing connection was forcibly closed by the remote host
----------------------------------------
::1 - - [27/Sep/2026 14:37:06] "GET /index.html HTTP/1.1" 304 -
::1 - - [27/Sep/2026 14:37:12] "GET /style.css?v=18 HTTP/1.1" 304 -
::1 - - [27/Sep/2026 14:37:12] "GET /cardnav.css HTTP/1.1" 304 -
::1 - - [27/Sep/2026 14:37:12] "GET /assets/infosphere-news.jpg HTTP/1.1" 304 -
::1 - - [27/Sep/2026 14:37:12] "GET /assets/dentage-xray.jpg HTTP/1.1" 304 -
::1 - - [27/Sep/2026 14:37:12] "GET /assets/netflix-collage.jpg HTTP/1.1" 304 -
::1 - - [27/Sep/2026 14:37:12] "GET /script.js?v=20 HTTP/1.1" 304 -
::1 - - [27/Sep/2026 14:37:12] "GET /cardnav.js HTTP/1.1" 304 -
::1 - - [27/Sep/2026 14:37:12] "GET /assets/social-media-bg.mp4 HTTP/1.1" 200 -
::1 - - [27/Sep/2026 14:37:14] code 404, message File not found
::1 - - [27/Sep/2026 14:37:14] "GET /favicon.ico HTTP/1.1" 404 -
::1 - - [27/Sep/2026 14:37:14] code 404, message File not found
::1 - - [27/Sep/2026 14:37:14] "GET /favicon.ico HTTP/1.1" 404 -
::1 - - [27/Sep/2026 15:26:05] "GET /index.html HTTP/1.1" 200 -
::1 - - [27/Sep/2026 15:26:05] "GET /script.js?v=20 HTTP/1.1" 200 -
::1 - - [27/Sep/2026 15:26:05] "GET /style.css?v=18 HTTP/1.1" 304 -
::1 - - [27/Sep/2026 15:26:05] "GET /assets/social-media-bg.mp4 HTTP/1.1" 304 -
::1 - - [27/Sep/2026 15:26:05] "GET /cardnav.js HTTP/1.1" 304 -
::1 - - [27/Sep/2026 15:26:05] "GET /cardnav.css HTTP/1.1" 304 -
::1 - - [27/Sep/2026 15:26:50] "GET /index.html HTTP/1.1" 304 -
::1 - - [27/Sep/2026 15:27:04] "GET /assets/infosphere-news.jpg HTTP/1.1" 304 -
::1 - - [27/Sep/2026 15:27:05] "GET /assets/dentage-xray.jpg HTTP/1.1" 200 -
::1 - - [27/Sep/2026 15:27:12] "GET /assets/netflix-collage.jpg HTTP/1.1" 304 -
::1 - - [27/Sep/2026 15:48:08] "GET /index.html HTTP/1.1" 200 -
::1 - - [27/Sep/2026 15:48:08] "GET /index.html HTTP/1.1" 304 -
::1 - - [27/Sep/2026 15:50:39] "GET /index.html HTTP/1.1" 200 -
::1 - - [27/Sep/2026 15:50:39] "GET /index.html HTTP/1.1" 304 -
::1 - - [27/Sep/2026 15:50:39] "GET /script.js?v=21 HTTP/1.1" 200 -
::1 - - [27/Sep/2026 15:56:43] "GET /index.html HTTP/1.1" 200 -
::1 - - [27/Sep/2026 15:56:43] "GET /script.js?v=21 HTTP/1.1" 200 -
::1 - - [27/Sep/2026 15:56:43] "GET /assets/social-media-bg.mp4 HTTP/1.1" 200 -
::1 - - [27/Sep/2026 16:02:54] "GET /index.html HTTP/1.1" 200 -
::1 - - [27/Sep/2026 16:02:54] "GET /index.html HTTP/1.1" 304 -
::1 - - [27/Sep/2026 16:02:55] "GET /style.css?v=19 HTTP/1.1" 200 -
::1 - - [27/Sep/2026 16:02:55] "GET /script.js?v=21 HTTP/1.1" 304 -
::1 - - [27/Sep/2026 16:03:31] "GET /style.css?v=19 HTTP/1.1" 304 -
::1 - - [27/Sep/2026 16:04:47] "GET /index.html HTTP/1.1" 200 -
::1 - - [27/Sep/2026 16:04:47] "GET /style.css?v=19 HTTP/1.1" 200 -
::1 - - [27/Sep/2026 16:04:47] "GET /script.js?v=21 HTTP/1.1" 304 -
::1 - - [27/Sep/2026 16:04:47] "GET /assets/social-media-bg.mp4 HTTP/1.1" 200 -
::1 - - [27/Sep/2026 18:06:43] "GET /assets/social-media-bg.mp4 HTTP/1.1" 304 -
::1 - - [27/Sep/2026 18:12:31] "GET /style.css?v=19 HTTP/1.1" 200 -
